[11-Feb-2021 11:04:26 UTC] PHP Warning:  Invalid argument supplied for foreach() in /Users/aleksandrnikolajcuk/www/brutmaps-wp/wp-admin/includes/plugin.php on line 1769
[11-Feb-2021 11:04:28 UTC] PHP Warning:  Invalid argument supplied for foreach() in /Users/aleksandrnikolajcuk/www/brutmaps-wp/wp-content/themes/brutmaps/inc/actions.php on line 133
[11-Feb-2021 11:04:28 UTC] PHP Warning:  Invalid argument supplied for foreach() in /Users/aleksandrnikolajcuk/www/brutmaps-wp/wp-content/themes/brutmaps/inc/actions.php on line 133
[11-Feb-2021 11:04:28 UTC] PHP Warning:  Invalid argument supplied for foreach() in /Users/aleksandrnikolajcuk/www/brutmaps-wp/wp-content/themes/brutmaps/inc/actions.php on line 133
[11-Feb-2021 11:04:28 UTC] PHP Warning:  Invalid argument supplied for foreach() in /Users/aleksandrnikolajcuk/www/brutmaps-wp/wp-content/themes/brutmaps/inc/actions.php on line 133
[11-Feb-2021 11:04:28 UTC] PHP Warning:  Invalid argument supplied for foreach() in /Users/aleksandrnikolajcuk/www/brutmaps-wp/wp-content/themes/brutmaps/inc/actions.php on line 133
[11-Feb-2021 11:04:28 UTC] PHP Warning:  Invalid argument supplied for foreach() in /Users/aleksandrnikolajcuk/www/brutmaps-wp/wp-content/themes/brutmaps/inc/actions.php on line 133
[11-Feb-2021 11:04:28 UTC] PHP Warning:  Invalid argument supplied for foreach() in /Users/aleksandrnikolajcuk/www/brutmaps-wp/wp-content/themes/brutmaps/inc/actions.php on line 133
[11-Feb-2021 11:04:28 UTC] PHP Warning:  Invalid argument supplied for foreach() in /Users/aleksandrnikolajcuk/www/brutmaps-wp/wp-content/themes/brutmaps/inc/actions.php on line 133
[11-Feb-2021 11:04:28 UTC] PHP Warning:  Invalid argument supplied for foreach() in /Users/aleksandrnikolajcuk/www/brutmaps-wp/wp-content/themes/brutmaps/inc/actions.php on line 133
[11-Feb-2021 11:04:28 UTC] PHP Warning:  Invalid argument supplied for foreach() in /Users/aleksandrnikolajcuk/www/brutmaps-wp/wp-content/themes/brutmaps/inc/actions.php on line 133
[11-Feb-2021 11:04:28 UTC] PHP Warning:  Invalid argument supplied for foreach() in /Users/aleksandrnikolajcuk/www/brutmaps-wp/wp-content/themes/brutmaps/inc/actions.php on line 133
[11-Feb-2021 11:04:28 UTC] PHP Warning:  Invalid argument supplied for foreach() in /Users/aleksandrnikolajcuk/www/brutmaps-wp/wp-content/themes/brutmaps/inc/actions.php on line 133
[11-Feb-2021 11:04:28 UTC] PHP Warning:  Invalid argument supplied for foreach() in /Users/aleksandrnikolajcuk/www/brutmaps-wp/wp-content/themes/brutmaps/inc/actions.php on line 133
[11-Feb-2021 11:04:28 UTC] PHP Warning:  Invalid argument supplied for foreach() in /Users/aleksandrnikolajcuk/www/brutmaps-wp/wp-content/themes/brutmaps/inc/actions.php on line 133
[11-Feb-2021 11:04:28 UTC] PHP Warning:  Invalid argument supplied for foreach() in /Users/aleksandrnikolajcuk/www/brutmaps-wp/wp-content/themes/brutmaps/inc/actions.php on line 133
[11-Feb-2021 11:04:28 UTC] PHP Warning:  Invalid argument supplied for foreach() in /Users/aleksandrnikolajcuk/www/brutmaps-wp/wp-content/themes/brutmaps/inc/actions.php on line 133
[11-Feb-2021 11:04:28 UTC] PHP Warning:  Invalid argument supplied for foreach() in /Users/aleksandrnikolajcuk/www/brutmaps-wp/wp-content/themes/brutmaps/inc/actions.php on line 133
[11-Feb-2021 11:04:28 UTC] PHP Warning:  Invalid argument supplied for foreach() in /Users/aleksandrnikolajcuk/www/brutmaps-wp/wp-content/themes/brutmaps/inc/actions.php on line 133
[11-Feb-2021 11:04:28 UTC] PHP Warning:  Invalid argument supplied for foreach() in /Users/aleksandrnikolajcuk/www/brutmaps-wp/wp-content/themes/brutmaps/inc/actions.php on line 133
[11-Feb-2021 11:04:28 UTC] PHP Warning:  Invalid argument supplied for foreach() in /Users/aleksandrnikolajcuk/www/brutmaps-wp/wp-content/themes/brutmaps/inc/actions.php on line 133
[11-Feb-2021 11:04:28 UTC] PHP Warning:  Invalid argument supplied for foreach() in /Users/aleksandrnikolajcuk/www/brutmaps-wp/wp-content/themes/brutmaps/inc/actions.php on line 133
[11-Feb-2021 11:04:28 UTC] PHP Warning:  Invalid argument supplied for foreach() in /Users/aleksandrnikolajcuk/www/brutmaps-wp/wp-content/themes/brutmaps/inc/actions.php on line 133
[11-Feb-2021 11:04:28 UTC] PHP Warning:  Invalid argument supplied for foreach() in /Users/aleksandrnikolajcuk/www/brutmaps-wp/wp-content/themes/brutmaps/inc/actions.php on line 133
[11-Feb-2021 11:04:28 UTC] PHP Warning:  Invalid argument supplied for foreach() in /Users/aleksandrnikolajcuk/www/brutmaps-wp/wp-content/themes/brutmaps/inc/actions.php on line 133
[11-Feb-2021 11:04:28 UTC] PHP Warning:  Invalid argument supplied for foreach() in /Users/aleksandrnikolajcuk/www/brutmaps-wp/wp-content/themes/brutmaps/inc/actions.php on line 133
[11-Feb-2021 11:04:28 UTC] PHP Warning:  Invalid argument supplied for foreach() in /Users/aleksandrnikolajcuk/www/brutmaps-wp/wp-content/themes/brutmaps/inc/actions.php on line 133
[11-Feb-2021 11:04:28 UTC] PHP Warning:  Invalid argument supplied for foreach() in /Users/aleksandrnikolajcuk/www/brutmaps-wp/wp-content/themes/brutmaps/inc/actions.php on line 133
[11-Feb-2021 11:04:28 UTC] PHP Warning:  Invalid argument supplied for foreach() in /Users/aleksandrnikolajcuk/www/brutmaps-wp/wp-content/themes/brutmaps/inc/actions.php on line 133
[11-Feb-2021 11:04:28 UTC] PHP Warning:  Invalid argument supplied for foreach() in /Users/aleksandrnikolajcuk/www/brutmaps-wp/wp-content/themes/brutmaps/inc/actions.php on line 133
[11-Feb-2021 11:04:28 UTC] PHP Warning:  Invalid argument supplied for foreach() in /Users/aleksandrnikolajcuk/www/brutmaps-wp/wp-content/themes/brutmaps/inc/actions.php on line 133
[11-Feb-2021 11:04:28 UTC] PHP Warning:  Invalid argument supplied for foreach() in /Users/aleksandrnikolajcuk/www/brutmaps-wp/wp-content/themes/brutmaps/inc/actions.php on line 133
[11-Feb-2021 11:04:28 UTC] PHP Warning:  Invalid argument supplied for foreach() in /Users/aleksandrnikolajcuk/www/brutmaps-wp/wp-content/themes/brutmaps/inc/actions.php on line 133
[11-Feb-2021 11:04:28 UTC] PHP Warning:  Invalid argument supplied for foreach() in /Users/aleksandrnikolajcuk/www/brutmaps-wp/wp-content/themes/brutmaps/inc/actions.php on line 133
[11-Feb-2021 11:04:28 UTC] PHP Warning:  Invalid argument supplied for foreach() in /Users/aleksandrnikolajcuk/www/brutmaps-wp/wp-content/themes/brutmaps/inc/actions.php on line 133
[11-Feb-2021 11:04:28 UTC] PHP Warning:  Invalid argument supplied for foreach() in /Users/aleksandrnikolajcuk/www/brutmaps-wp/wp-content/themes/brutmaps/inc/actions.php on line 133
[11-Feb-2021 11:04:28 UTC] PHP Warning:  Invalid argument supplied for foreach() in /Users/aleksandrnikolajcuk/www/brutmaps-wp/wp-content/themes/brutmaps/inc/actions.php on line 133
[11-Feb-2021 11:04:28 UTC] PHP Warning:  Invalid argument supplied for foreach() in /Users/aleksandrnikolajcuk/www/brutmaps-wp/wp-content/themes/brutmaps/inc/actions.php on line 133
[11-Feb-2021 11:04:28 UTC] PHP Warning:  Invalid argument supplied for foreach() in /Users/aleksandrnikolajcuk/www/brutmaps-wp/wp-content/themes/brutmaps/inc/actions.php on line 133
[11-Feb-2021 11:04:28 UTC] PHP Warning:  Invalid argument supplied for foreach() in /Users/aleksandrnikolajcuk/www/brutmaps-wp/wp-content/themes/brutmaps/inc/actions.php on line 133
[11-Feb-2021 11:04:28 UTC] PHP Warning:  Invalid argument supplied for foreach() in /Users/aleksandrnikolajcuk/www/brutmaps-wp/wp-content/themes/brutmaps/inc/actions.php on line 133
[11-Feb-2021 11:04:28 UTC] PHP Warning:  Invalid argument supplied for foreach() in /Users/aleksandrnikolajcuk/www/brutmaps-wp/wp-content/themes/brutmaps/inc/actions.php on line 133
[11-Feb-2021 11:04:28 UTC] PHP Warning:  Invalid argument supplied for foreach() in /Users/aleksandrnikolajcuk/www/brutmaps-wp/wp-content/themes/brutmaps/inc/actions.php on line 133
[11-Feb-2021 11:04:29 UTC] PHP Warning:  Invalid argument supplied for foreach() in /Users/aleksandrnikolajcuk/www/brutmaps-wp/wp-admin/includes/plugin.php on line 1769
[11-Feb-2021 11:04:32 UTC] PHP Warning:  Invalid argument supplied for foreach() in /Users/aleksandrnikolajcuk/www/brutmaps-wp/wp-admin/includes/plugin.php on line 1769
[11-Feb-2021 11:04:35 UTC] PHP Warning:  Invalid argument supplied for foreach() in /Users/aleksandrnikolajcuk/www/brutmaps-wp/wp-admin/includes/plugin.php on line 1769
[11-Feb-2021 11:04:35 UTC] DAATA existed NAMW 
[11-Feb-2021 11:04:36 UTC] PHP Warning:  Invalid argument supplied for foreach() in /Users/aleksandrnikolajcuk/www/brutmaps-wp/wp-admin/includes/plugin.php on line 1769
[11-Feb-2021 11:04:36 UTC] PHP Warning:  Invalid argument supplied for foreach() in /Users/aleksandrnikolajcuk/www/brutmaps-wp/wp-admin/includes/plugin.php on line 1769
[11-Feb-2021 11:04:51 UTC] PHP Warning:  Invalid argument supplied for foreach() in /Users/aleksandrnikolajcuk/www/brutmaps-wp/wp-admin/includes/plugin.php on line 1769
[11-Feb-2021 11:05:06 UTC] PHP Warning:  Invalid argument supplied for foreach() in /Users/aleksandrnikolajcuk/www/brutmaps-wp/wp-admin/includes/plugin.php on line 1769
[11-Feb-2021 11:05:20 UTC] PHP Warning:  Invalid argument supplied for foreach() in /Users/aleksandrnikolajcuk/www/brutmaps-wp/wp-admin/includes/plugin.php on line 1769
[11-Feb-2021 11:05:20 UTC] DAATA new_author NAMW @123123
[11-Feb-2021 11:05:21 UTC] PHP Warning:  Invalid argument supplied for foreach() in /Users/aleksandrnikolajcuk/www/brutmaps-wp/wp-admin/includes/plugin.php on line 1769
[11-Feb-2021 11:05:22 UTC] PHP Warning:  Invalid argument supplied for foreach() in /Users/aleksandrnikolajcuk/www/brutmaps-wp/wp-admin/includes/plugin.php on line 1769
[11-Feb-2021 11:05:36 UTC] PHP Warning:  Invalid argument supplied for foreach() in /Users/aleksandrnikolajcuk/www/brutmaps-wp/wp-admin/includes/plugin.php on line 1769
[11-Feb-2021 11:05:51 UTC] PHP Warning:  Invalid argument supplied for foreach() in /Users/aleksandrnikolajcuk/www/brutmaps-wp/wp-admin/includes/plugin.php on line 1769
[11-Feb-2021 11:06:29 UTC] PHP Warning:  Invalid argument supplied for foreach() in /Users/aleksandrnikolajcuk/www/brutmaps-wp/wp-admin/includes/plugin.php on line 1769
[11-Feb-2021 11:06:33 UTC] PHP Warning:  Invalid argument supplied for foreach() in /Users/aleksandrnikolajcuk/www/brutmaps-wp/wp-admin/includes/plugin.php on line 1769
[11-Feb-2021 11:06:44 UTC] PHP Warning:  Invalid argument supplied for foreach() in /Users/aleksandrnikolajcuk/www/brutmaps-wp/wp-admin/includes/plugin.php on line 1769
[11-Feb-2021 11:08:51 UTC] PHP Warning:  Invalid argument supplied for foreach() in /Users/aleksandrnikolajcuk/www/brutmaps-wp/wp-admin/includes/plugin.php on line 1769
[11-Feb-2021 11:10:58 UTC] PHP Warning:  Invalid argument supplied for foreach() in /Users/aleksandrnikolajcuk/www/brutmaps-wp/wp-admin/includes/plugin.php on line 1769
[11-Feb-2021 11:12:58 UTC] PHP Warning:  Invalid argument supplied for foreach() in /Users/aleksandrnikolajcuk/www/brutmaps-wp/wp-admin/includes/plugin.php on line 1769
[11-Feb-2021 11:15:03 UTC] PHP Warning:  Invalid argument supplied for foreach() in /Users/aleksandrnikolajcuk/www/brutmaps-wp/wp-admin/includes/plugin.php on line 1769
[11-Feb-2021 12:18:07 UTC] PHP Warning:  Invalid argument supplied for foreach() in /Users/aleksandrnikolajcuk/www/brutmaps-wp/wp-admin/includes/plugin.php on line 1769
[11-Feb-2021 12:18:09 UTC] PHP Warning:  Invalid argument supplied for foreach() in /Users/aleksandrnikolajcuk/www/brutmaps-wp/wp-admin/includes/plugin.php on line 1769
[11-Feb-2021 12:18:23 UTC] PHP Warning:  Invalid argument supplied for foreach() in /Users/aleksandrnikolajcuk/www/brutmaps-wp/wp-admin/includes/plugin.php on line 1769
[11-Feb-2021 12:18:42 UTC] PHP Warning:  Invalid argument supplied for foreach() in /Users/aleksandrnikolajcuk/www/brutmaps-wp/wp-admin/includes/plugin.php on line 1769
[11-Feb-2021 12:18:54 UTC] PHP Warning:  Invalid argument supplied for foreach() in /Users/aleksandrnikolajcuk/www/brutmaps-wp/wp-admin/includes/plugin.php on line 1769
[11-Feb-2021 12:18:54 UTC] DATA new_author NAME @newnewnew1
[11-Feb-2021 12:18:55 UTC] PHP Warning:  Invalid argument supplied for foreach() in /Users/aleksandrnikolajcuk/www/brutmaps-wp/wp-admin/includes/plugin.php on line 1769
[11-Feb-2021 12:18:56 UTC] PHP Warning:  Invalid argument supplied for foreach() in /Users/aleksandrnikolajcuk/www/brutmaps-wp/wp-admin/includes/plugin.php on line 1769
[11-Feb-2021 12:19:02 UTC] PHP Warning:  Invalid argument supplied for foreach() in /Users/aleksandrnikolajcuk/www/brutmaps-wp/wp-admin/includes/plugin.php on line 1769
[11-Feb-2021 12:19:05 UTC] PHP Warning:  Invalid argument supplied for foreach() in /Users/aleksandrnikolajcuk/www/brutmaps-wp/wp-admin/includes/plugin.php on line 1769
[11-Feb-2021 12:19:06 UTC] PHP Warning:  Invalid argument supplied for foreach() in /Users/aleksandrnikolajcuk/www/brutmaps-wp/wp-admin/includes/plugin.php on line 1769
[11-Feb-2021 12:19:10 UTC] PHP Warning:  Invalid argument supplied for foreach() in /Users/aleksandrnikolajcuk/www/brutmaps-wp/wp-admin/includes/plugin.php on line 1769
[11-Feb-2021 12:19:14 UTC] PHP Warning:  Invalid argument supplied for foreach() in /Users/aleksandrnikolajcuk/www/brutmaps-wp/wp-admin/includes/plugin.php on line 1769
[11-Feb-2021 12:19:25 UTC] PHP Warning:  Invalid argument supplied for foreach() in /Users/aleksandrnikolajcuk/www/brutmaps-wp/wp-admin/includes/plugin.php on line 1769
[11-Feb-2021 12:19:27 UTC] PHP Warning:  Invalid argument supplied for foreach() in /Users/aleksandrnikolajcuk/www/brutmaps-wp/wp-admin/includes/plugin.php on line 1769
[11-Feb-2021 12:19:29 UTC] PHP Warning:  Invalid argument supplied for foreach() in /Users/aleksandrnikolajcuk/www/brutmaps-wp/wp-admin/includes/plugin.php on line 1769
[11-Feb-2021 12:19:31 UTC] PHP Warning:  Invalid argument supplied for foreach() in /Users/aleksandrnikolajcuk/www/brutmaps-wp/wp-admin/includes/plugin.php on line 1769
[11-Feb-2021 12:19:46 UTC] PHP Warning:  Invalid argument supplied for foreach() in /Users/aleksandrnikolajcuk/www/brutmaps-wp/wp-admin/includes/plugin.php on line 1769
[11-Feb-2021 12:19:47 UTC] PHP Warning:  Invalid argument supplied for foreach() in /Users/aleksandrnikolajcuk/www/brutmaps-wp/wp-content/themes/brutmaps/inc/actions.php on line 133
[11-Feb-2021 12:19:47 UTC] PHP Warning:  Invalid argument supplied for foreach() in /Users/aleksandrnikolajcuk/www/brutmaps-wp/wp-content/themes/brutmaps/inc/actions.php on line 133
[11-Feb-2021 12:19:47 UTC] PHP Warning:  Invalid argument supplied for foreach() in /Users/aleksandrnikolajcuk/www/brutmaps-wp/wp-content/themes/brutmaps/inc/actions.php on line 133
[11-Feb-2021 12:19:47 UTC] PHP Warning:  Invalid argument supplied for foreach() in /Users/aleksandrnikolajcuk/www/brutmaps-wp/wp-content/themes/brutmaps/inc/actions.php on line 133
[11-Feb-2021 12:19:47 UTC] PHP Warning:  Invalid argument supplied for foreach() in /Users/aleksandrnikolajcuk/www/brutmaps-wp/wp-content/themes/brutmaps/inc/actions.php on line 133
[11-Feb-2021 12:19:47 UTC] PHP Warning:  Invalid argument supplied for foreach() in /Users/aleksandrnikolajcuk/www/brutmaps-wp/wp-content/themes/brutmaps/inc/actions.php on line 133
[11-Feb-2021 12:19:47 UTC] PHP Warning:  Invalid argument supplied for foreach() in /Users/aleksandrnikolajcuk/www/brutmaps-wp/wp-content/themes/brutmaps/inc/actions.php on line 133
[11-Feb-2021 12:19:47 UTC] PHP Warning:  Invalid argument supplied for foreach() in /Users/aleksandrnikolajcuk/www/brutmaps-wp/wp-content/themes/brutmaps/inc/actions.php on line 133
[11-Feb-2021 12:19:47 UTC] PHP Warning:  Invalid argument supplied for foreach() in /Users/aleksandrnikolajcuk/www/brutmaps-wp/wp-content/themes/brutmaps/inc/actions.php on line 133
[11-Feb-2021 12:19:47 UTC] PHP Warning:  Invalid argument supplied for foreach() in /Users/aleksandrnikolajcuk/www/brutmaps-wp/wp-content/themes/brutmaps/inc/actions.php on line 133
[11-Feb-2021 12:19:47 UTC] PHP Warning:  Invalid argument supplied for foreach() in /Users/aleksandrnikolajcuk/www/brutmaps-wp/wp-content/themes/brutmaps/inc/actions.php on line 133
[11-Feb-2021 12:19:47 UTC] PHP Warning:  Invalid argument supplied for foreach() in /Users/aleksandrnikolajcuk/www/brutmaps-wp/wp-content/themes/brutmaps/inc/actions.php on line 133
[11-Feb-2021 12:19:47 UTC] PHP Warning:  Invalid argument supplied for foreach() in /Users/aleksandrnikolajcuk/www/brutmaps-wp/wp-content/themes/brutmaps/inc/actions.php on line 133
[11-Feb-2021 12:19:47 UTC] PHP Warning:  Invalid argument supplied for foreach() in /Users/aleksandrnikolajcuk/www/brutmaps-wp/wp-content/themes/brutmaps/inc/actions.php on line 133
[11-Feb-2021 12:19:47 UTC] PHP Warning:  Invalid argument supplied for foreach() in /Users/aleksandrnikolajcuk/www/brutmaps-wp/wp-content/themes/brutmaps/inc/actions.php on line 133
[11-Feb-2021 12:19:47 UTC] PHP Warning:  Invalid argument supplied for foreach() in /Users/aleksandrnikolajcuk/www/brutmaps-wp/wp-content/themes/brutmaps/inc/actions.php on line 133
[11-Feb-2021 12:19:47 UTC] PHP Warning:  Invalid argument supplied for foreach() in /Users/aleksandrnikolajcuk/www/brutmaps-wp/wp-content/themes/brutmaps/inc/actions.php on line 133
[11-Feb-2021 12:19:47 UTC] PHP Warning:  Invalid argument supplied for foreach() in /Users/aleksandrnikolajcuk/www/brutmaps-wp/wp-content/themes/brutmaps/inc/actions.php on line 133
[11-Feb-2021 12:19:47 UTC] PHP Warning:  Invalid argument supplied for foreach() in /Users/aleksandrnikolajcuk/www/brutmaps-wp/wp-content/themes/brutmaps/inc/actions.php on line 133
[11-Feb-2021 12:19:47 UTC] PHP Warning:  Invalid argument supplied for foreach() in /Users/aleksandrnikolajcuk/www/brutmaps-wp/wp-content/themes/brutmaps/inc/actions.php on line 133
[11-Feb-2021 12:19:47 UTC] PHP Warning:  Invalid argument supplied for foreach() in /Users/aleksandrnikolajcuk/www/brutmaps-wp/wp-content/themes/brutmaps/inc/actions.php on line 133
[11-Feb-2021 12:19:47 UTC] PHP Warning:  Invalid argument supplied for foreach() in /Users/aleksandrnikolajcuk/www/brutmaps-wp/wp-content/themes/brutmaps/inc/actions.php on line 133
[11-Feb-2021 12:19:47 UTC] PHP Warning:  Invalid argument supplied for foreach() in /Users/aleksandrnikolajcuk/www/brutmaps-wp/wp-content/themes/brutmaps/inc/actions.php on line 133
[11-Feb-2021 12:19:47 UTC] PHP Warning:  Invalid argument supplied for foreach() in /Users/aleksandrnikolajcuk/www/brutmaps-wp/wp-content/themes/brutmaps/inc/actions.php on line 133
[11-Feb-2021 12:19:47 UTC] PHP Warning:  Invalid argument supplied for foreach() in /Users/aleksandrnikolajcuk/www/brutmaps-wp/wp-content/themes/brutmaps/inc/actions.php on line 133
[11-Feb-2021 12:19:47 UTC] PHP Warning:  Invalid argument supplied for foreach() in /Users/aleksandrnikolajcuk/www/brutmaps-wp/wp-content/themes/brutmaps/inc/actions.php on line 133
[11-Feb-2021 12:19:47 UTC] PHP Warning:  Invalid argument supplied for foreach() in /Users/aleksandrnikolajcuk/www/brutmaps-wp/wp-content/themes/brutmaps/inc/actions.php on line 133
[11-Feb-2021 12:19:47 UTC] PHP Warning:  Invalid argument supplied for foreach() in /Users/aleksandrnikolajcuk/www/brutmaps-wp/wp-content/themes/brutmaps/inc/actions.php on line 133
[11-Feb-2021 12:19:47 UTC] PHP Warning:  Invalid argument supplied for foreach() in /Users/aleksandrnikolajcuk/www/brutmaps-wp/wp-content/themes/brutmaps/inc/actions.php on line 133
[11-Feb-2021 12:19:47 UTC] PHP Warning:  Invalid argument supplied for foreach() in /Users/aleksandrnikolajcuk/www/brutmaps-wp/wp-content/themes/brutmaps/inc/actions.php on line 133
[11-Feb-2021 12:19:47 UTC] PHP Warning:  Invalid argument supplied for foreach() in /Users/aleksandrnikolajcuk/www/brutmaps-wp/wp-content/themes/brutmaps/inc/actions.php on line 133
[11-Feb-2021 12:19:47 UTC] PHP Warning:  Invalid argument supplied for foreach() in /Users/aleksandrnikolajcuk/www/brutmaps-wp/wp-content/themes/brutmaps/inc/actions.php on line 133
[11-Feb-2021 12:19:47 UTC] PHP Warning:  Invalid argument supplied for foreach() in /Users/aleksandrnikolajcuk/www/brutmaps-wp/wp-content/themes/brutmaps/inc/actions.php on line 133
[11-Feb-2021 12:19:47 UTC] PHP Warning:  Invalid argument supplied for foreach() in /Users/aleksandrnikolajcuk/www/brutmaps-wp/wp-content/themes/brutmaps/inc/actions.php on line 133
[11-Feb-2021 12:19:47 UTC] PHP Warning:  Invalid argument supplied for foreach() in /Users/aleksandrnikolajcuk/www/brutmaps-wp/wp-content/themes/brutmaps/inc/actions.php on line 133
[11-Feb-2021 12:19:47 UTC] PHP Warning:  Invalid argument supplied for foreach() in /Users/aleksandrnikolajcuk/www/brutmaps-wp/wp-content/themes/brutmaps/inc/actions.php on line 133
[11-Feb-2021 12:19:47 UTC] PHP Warning:  Invalid argument supplied for foreach() in /Users/aleksandrnikolajcuk/www/brutmaps-wp/wp-content/themes/brutmaps/inc/actions.php on line 133
[11-Feb-2021 12:19:47 UTC] PHP Warning:  Invalid argument supplied for foreach() in /Users/aleksandrnikolajcuk/www/brutmaps-wp/wp-content/themes/brutmaps/inc/actions.php on line 133
[11-Feb-2021 12:19:47 UTC] PHP Warning:  Invalid argument supplied for foreach() in /Users/aleksandrnikolajcuk/www/brutmaps-wp/wp-content/themes/brutmaps/inc/actions.php on line 133
[11-Feb-2021 12:19:47 UTC] PHP Warning:  Invalid argument supplied for foreach() in /Users/aleksandrnikolajcuk/www/brutmaps-wp/wp-content/themes/brutmaps/inc/actions.php on line 133
[11-Feb-2021 12:19:47 UTC] PHP Warning:  Invalid argument supplied for foreach() in /Users/aleksandrnikolajcuk/www/brutmaps-wp/wp-content/themes/brutmaps/inc/actions.php on line 133
[11-Feb-2021 12:19:47 UTC] PHP Warning:  Invalid argument supplied for foreach() in /Users/aleksandrnikolajcuk/www/brutmaps-wp/wp-content/themes/brutmaps/inc/actions.php on line 133
[11-Feb-2021 12:19:47 UTC] PHP Warning:  Invalid argument supplied for foreach() in /Users/aleksandrnikolajcuk/www/brutmaps-wp/wp-admin/includes/plugin.php on line 1769
[11-Feb-2021 12:19:51 UTC] PHP Warning:  Invalid argument supplied for foreach() in /Users/aleksandrnikolajcuk/www/brutmaps-wp/wp-admin/includes/plugin.php on line 1769
[11-Feb-2021 12:19:51 UTC] PHP Warning:  Invalid argument supplied for foreach() in /Users/aleksandrnikolajcuk/www/brutmaps-wp/wp-admin/includes/plugin.php on line 1769
[11-Feb-2021 12:19:55 UTC] PHP Warning:  Invalid argument supplied for foreach() in /Users/aleksandrnikolajcuk/www/brutmaps-wp/wp-admin/includes/plugin.php on line 1769
[11-Feb-2021 12:20:05 UTC] PHP Warning:  Invalid argument supplied for foreach() in /Users/aleksandrnikolajcuk/www/brutmaps-wp/wp-admin/includes/plugin.php on line 1769
[11-Feb-2021 12:20:08 UTC] PHP Warning:  Invalid argument supplied for foreach() in /Users/aleksandrnikolajcuk/www/brutmaps-wp/wp-admin/includes/plugin.php on line 1769
[11-Feb-2021 12:20:08 UTC] DATA new_author NAME @maxmaxmax1
[11-Feb-2021 12:20:09 UTC] PHP Warning:  Invalid argument supplied for foreach() in /Users/aleksandrnikolajcuk/www/brutmaps-wp/wp-admin/includes/plugin.php on line 1769
[11-Feb-2021 12:20:09 UTC] PHP Warning:  Invalid argument supplied for foreach() in /Users/aleksandrnikolajcuk/www/brutmaps-wp/wp-admin/includes/plugin.php on line 1769
[11-Feb-2021 12:20:12 UTC] PHP Warning:  Invalid argument supplied for foreach() in /Users/aleksandrnikolajcuk/www/brutmaps-wp/wp-admin/includes/plugin.php on line 1769
[11-Feb-2021 12:20:16 UTC] PHP Warning:  Invalid argument supplied for foreach() in /Users/aleksandrnikolajcuk/www/brutmaps-wp/wp-admin/includes/plugin.php on line 1769
[11-Feb-2021 12:20:20 UTC] PHP Warning:  Invalid argument supplied for foreach() in /Users/aleksandrnikolajcuk/www/brutmaps-wp/wp-admin/includes/plugin.php on line 1769
[11-Feb-2021 12:20:37 UTC] PHP Warning:  Invalid argument supplied for foreach() in /Users/aleksandrnikolajcuk/www/brutmaps-wp/wp-admin/includes/plugin.php on line 1769
[11-Feb-2021 12:20:38 UTC] PHP Warning:  Invalid argument supplied for foreach() in /Users/aleksandrnikolajcuk/www/brutmaps-wp/wp-content/themes/brutmaps/inc/actions.php on line 133
[11-Feb-2021 12:20:38 UTC] PHP Warning:  Invalid argument supplied for foreach() in /Users/aleksandrnikolajcuk/www/brutmaps-wp/wp-content/themes/brutmaps/inc/actions.php on line 133
[11-Feb-2021 12:20:38 UTC] PHP Warning:  Invalid argument supplied for foreach() in /Users/aleksandrnikolajcuk/www/brutmaps-wp/wp-content/themes/brutmaps/inc/actions.php on line 133
[11-Feb-2021 12:20:38 UTC] PHP Warning:  Invalid argument supplied for foreach() in /Users/aleksandrnikolajcuk/www/brutmaps-wp/wp-content/themes/brutmaps/inc/actions.php on line 133
[11-Feb-2021 12:20:38 UTC] PHP Warning:  Invalid argument supplied for foreach() in /Users/aleksandrnikolajcuk/www/brutmaps-wp/wp-content/themes/brutmaps/inc/actions.php on line 133
[11-Feb-2021 12:20:38 UTC] PHP Warning:  Invalid argument supplied for foreach() in /Users/aleksandrnikolajcuk/www/brutmaps-wp/wp-content/themes/brutmaps/inc/actions.php on line 133
[11-Feb-2021 12:20:38 UTC] PHP Warning:  Invalid argument supplied for foreach() in /Users/aleksandrnikolajcuk/www/brutmaps-wp/wp-content/themes/brutmaps/inc/actions.php on line 133
[11-Feb-2021 12:20:38 UTC] PHP Warning:  Invalid argument supplied for foreach() in /Users/aleksandrnikolajcuk/www/brutmaps-wp/wp-content/themes/brutmaps/inc/actions.php on line 133
[11-Feb-2021 12:20:38 UTC] PHP Warning:  Invalid argument supplied for foreach() in /Users/aleksandrnikolajcuk/www/brutmaps-wp/wp-content/themes/brutmaps/inc/actions.php on line 133
[11-Feb-2021 12:20:38 UTC] PHP Warning:  Invalid argument supplied for foreach() in /Users/aleksandrnikolajcuk/www/brutmaps-wp/wp-content/themes/brutmaps/inc/actions.php on line 133
[11-Feb-2021 12:20:38 UTC] PHP Warning:  Invalid argument supplied for foreach() in /Users/aleksandrnikolajcuk/www/brutmaps-wp/wp-content/themes/brutmaps/inc/actions.php on line 133
[11-Feb-2021 12:20:38 UTC] PHP Warning:  Invalid argument supplied for foreach() in /Users/aleksandrnikolajcuk/www/brutmaps-wp/wp-content/themes/brutmaps/inc/actions.php on line 133
[11-Feb-2021 12:20:38 UTC] PHP Warning:  Invalid argument supplied for foreach() in /Users/aleksandrnikolajcuk/www/brutmaps-wp/wp-content/themes/brutmaps/inc/actions.php on line 133
[11-Feb-2021 12:20:38 UTC] PHP Warning:  Invalid argument supplied for foreach() in /Users/aleksandrnikolajcuk/www/brutmaps-wp/wp-content/themes/brutmaps/inc/actions.php on line 133
[11-Feb-2021 12:20:38 UTC] PHP Warning:  Invalid argument supplied for foreach() in /Users/aleksandrnikolajcuk/www/brutmaps-wp/wp-content/themes/brutmaps/inc/actions.php on line 133
[11-Feb-2021 12:20:38 UTC] PHP Warning:  Invalid argument supplied for foreach() in /Users/aleksandrnikolajcuk/www/brutmaps-wp/wp-content/themes/brutmaps/inc/actions.php on line 133
[11-Feb-2021 12:20:38 UTC] PHP Warning:  Invalid argument supplied for foreach() in /Users/aleksandrnikolajcuk/www/brutmaps-wp/wp-content/themes/brutmaps/inc/actions.php on line 133
[11-Feb-2021 12:20:38 UTC] PHP Warning:  Invalid argument supplied for foreach() in /Users/aleksandrnikolajcuk/www/brutmaps-wp/wp-content/themes/brutmaps/inc/actions.php on line 133
[11-Feb-2021 12:20:38 UTC] PHP Warning:  Invalid argument supplied for foreach() in /Users/aleksandrnikolajcuk/www/brutmaps-wp/wp-content/themes/brutmaps/inc/actions.php on line 133
[11-Feb-2021 12:20:38 UTC] PHP Warning:  Invalid argument supplied for foreach() in /Users/aleksandrnikolajcuk/www/brutmaps-wp/wp-content/themes/brutmaps/inc/actions.php on line 133
[11-Feb-2021 12:20:38 UTC] PHP Warning:  Invalid argument supplied for foreach() in /Users/aleksandrnikolajcuk/www/brutmaps-wp/wp-content/themes/brutmaps/inc/actions.php on line 133
[11-Feb-2021 12:20:38 UTC] PHP Warning:  Invalid argument supplied for foreach() in /Users/aleksandrnikolajcuk/www/brutmaps-wp/wp-content/themes/brutmaps/inc/actions.php on line 133
[11-Feb-2021 12:20:38 UTC] PHP Warning:  Invalid argument supplied for foreach() in /Users/aleksandrnikolajcuk/www/brutmaps-wp/wp-content/themes/brutmaps/inc/actions.php on line 133
[11-Feb-2021 12:20:38 UTC] PHP Warning:  Invalid argument supplied for foreach() in /Users/aleksandrnikolajcuk/www/brutmaps-wp/wp-content/themes/brutmaps/inc/actions.php on line 133
[11-Feb-2021 12:20:38 UTC] PHP Warning:  Invalid argument supplied for foreach() in /Users/aleksandrnikolajcuk/www/brutmaps-wp/wp-content/themes/brutmaps/inc/actions.php on line 133
[11-Feb-2021 12:20:38 UTC] PHP Warning:  Invalid argument supplied for foreach() in /Users/aleksandrnikolajcuk/www/brutmaps-wp/wp-content/themes/brutmaps/inc/actions.php on line 133
[11-Feb-2021 12:20:38 UTC] PHP Warning:  Invalid argument supplied for foreach() in /Users/aleksandrnikolajcuk/www/brutmaps-wp/wp-content/themes/brutmaps/inc/actions.php on line 133
[11-Feb-2021 12:20:38 UTC] PHP Warning:  Invalid argument supplied for foreach() in /Users/aleksandrnikolajcuk/www/brutmaps-wp/wp-content/themes/brutmaps/inc/actions.php on line 133
[11-Feb-2021 12:20:38 UTC] PHP Warning:  Invalid argument supplied for foreach() in /Users/aleksandrnikolajcuk/www/brutmaps-wp/wp-content/themes/brutmaps/inc/actions.php on line 133
[11-Feb-2021 12:20:38 UTC] PHP Warning:  Invalid argument supplied for foreach() in /Users/aleksandrnikolajcuk/www/brutmaps-wp/wp-content/themes/brutmaps/inc/actions.php on line 133
[11-Feb-2021 12:20:38 UTC] PHP Warning:  Invalid argument supplied for foreach() in /Users/aleksandrnikolajcuk/www/brutmaps-wp/wp-content/themes/brutmaps/inc/actions.php on line 133
[11-Feb-2021 12:20:38 UTC] PHP Warning:  Invalid argument supplied for foreach() in /Users/aleksandrnikolajcuk/www/brutmaps-wp/wp-content/themes/brutmaps/inc/actions.php on line 133
[11-Feb-2021 12:20:38 UTC] PHP Warning:  Invalid argument supplied for foreach() in /Users/aleksandrnikolajcuk/www/brutmaps-wp/wp-content/themes/brutmaps/inc/actions.php on line 133
[11-Feb-2021 12:20:38 UTC] PHP Warning:  Invalid argument supplied for foreach() in /Users/aleksandrnikolajcuk/www/brutmaps-wp/wp-content/themes/brutmaps/inc/actions.php on line 133
[11-Feb-2021 12:20:38 UTC] PHP Warning:  Invalid argument supplied for foreach() in /Users/aleksandrnikolajcuk/www/brutmaps-wp/wp-content/themes/brutmaps/inc/actions.php on line 133
[11-Feb-2021 12:20:38 UTC] PHP Warning:  Invalid argument supplied for foreach() in /Users/aleksandrnikolajcuk/www/brutmaps-wp/wp-content/themes/brutmaps/inc/actions.php on line 133
[11-Feb-2021 12:20:38 UTC] PHP Warning:  Invalid argument supplied for foreach() in /Users/aleksandrnikolajcuk/www/brutmaps-wp/wp-content/themes/brutmaps/inc/actions.php on line 133
[11-Feb-2021 12:20:38 UTC] PHP Warning:  Invalid argument supplied for foreach() in /Users/aleksandrnikolajcuk/www/brutmaps-wp/wp-content/themes/brutmaps/inc/actions.php on line 133
[11-Feb-2021 12:20:38 UTC] PHP Warning:  Invalid argument supplied for foreach() in /Users/aleksandrnikolajcuk/www/brutmaps-wp/wp-content/themes/brutmaps/inc/actions.php on line 133
[11-Feb-2021 12:20:38 UTC] PHP Warning:  Invalid argument supplied for foreach() in /Users/aleksandrnikolajcuk/www/brutmaps-wp/wp-content/themes/brutmaps/inc/actions.php on line 133
[11-Feb-2021 12:20:38 UTC] PHP Warning:  Invalid argument supplied for foreach() in /Users/aleksandrnikolajcuk/www/brutmaps-wp/wp-content/themes/brutmaps/inc/actions.php on line 133
[11-Feb-2021 12:20:38 UTC] PHP Warning:  Invalid argument supplied for foreach() in /Users/aleksandrnikolajcuk/www/brutmaps-wp/wp-content/themes/brutmaps/inc/actions.php on line 133
[11-Feb-2021 12:20:39 UTC] PHP Warning:  Invalid argument supplied for foreach() in /Users/aleksandrnikolajcuk/www/brutmaps-wp/wp-admin/includes/plugin.php on line 1769
[11-Feb-2021 12:20:43 UTC] PHP Warning:  Invalid argument supplied for foreach() in /Users/aleksandrnikolajcuk/www/brutmaps-wp/wp-admin/includes/plugin.php on line 1769
[11-Feb-2021 12:20:45 UTC] PHP Warning:  Invalid argument supplied for foreach() in /Users/aleksandrnikolajcuk/www/brutmaps-wp/wp-admin/includes/plugin.php on line 1769
[11-Feb-2021 12:20:54 UTC] PHP Warning:  Invalid argument supplied for foreach() in /Users/aleksandrnikolajcuk/www/brutmaps-wp/wp-admin/includes/plugin.php on line 1769
[11-Feb-2021 12:20:55 UTC] DATA new_author NAME @maxmaxmax2
[11-Feb-2021 12:20:56 UTC] PHP Warning:  Invalid argument supplied for foreach() in /Users/aleksandrnikolajcuk/www/brutmaps-wp/wp-admin/includes/plugin.php on line 1769
[11-Feb-2021 12:20:56 UTC] PHP Warning:  Invalid argument supplied for foreach() in /Users/aleksandrnikolajcuk/www/brutmaps-wp/wp-admin/includes/plugin.php on line 1769
[11-Feb-2021 12:21:03 UTC] PHP Warning:  Invalid argument supplied for foreach() in /Users/aleksandrnikolajcuk/www/brutmaps-wp/wp-admin/includes/plugin.php on line 1769
[11-Feb-2021 12:21:19 UTC] PHP Warning:  Invalid argument supplied for foreach() in /Users/aleksandrnikolajcuk/www/brutmaps-wp/wp-admin/includes/plugin.php on line 1769
[11-Feb-2021 12:21:35 UTC] PHP Warning:  Invalid argument supplied for foreach() in /Users/aleksandrnikolajcuk/www/brutmaps-wp/wp-admin/includes/plugin.php on line 1769
[11-Feb-2021 12:23:06 UTC] PHP Warning:  Invalid argument supplied for foreach() in /Users/aleksandrnikolajcuk/www/brutmaps-wp/wp-admin/includes/plugin.php on line 1769
[11-Feb-2021 12:23:07 UTC] PHP Warning:  Invalid argument supplied for foreach() in /Users/aleksandrnikolajcuk/www/brutmaps-wp/wp-content/themes/brutmaps/inc/actions.php on line 133
[11-Feb-2021 12:23:07 UTC] PHP Warning:  Invalid argument supplied for foreach() in /Users/aleksandrnikolajcuk/www/brutmaps-wp/wp-content/themes/brutmaps/inc/actions.php on line 133
[11-Feb-2021 12:23:07 UTC] PHP Warning:  Invalid argument supplied for foreach() in /Users/aleksandrnikolajcuk/www/brutmaps-wp/wp-content/themes/brutmaps/inc/actions.php on line 133
[11-Feb-2021 12:23:07 UTC] PHP Warning:  Invalid argument supplied for foreach() in /Users/aleksandrnikolajcuk/www/brutmaps-wp/wp-content/themes/brutmaps/inc/actions.php on line 133
[11-Feb-2021 12:23:07 UTC] PHP Warning:  Invalid argument supplied for foreach() in /Users/aleksandrnikolajcuk/www/brutmaps-wp/wp-content/themes/brutmaps/inc/actions.php on line 133
[11-Feb-2021 12:23:07 UTC] PHP Warning:  Invalid argument supplied for foreach() in /Users/aleksandrnikolajcuk/www/brutmaps-wp/wp-content/themes/brutmaps/inc/actions.php on line 133
[11-Feb-2021 12:23:07 UTC] PHP Warning:  Invalid argument supplied for foreach() in /Users/aleksandrnikolajcuk/www/brutmaps-wp/wp-content/themes/brutmaps/inc/actions.php on line 133
[11-Feb-2021 12:23:07 UTC] PHP Warning:  Invalid argument supplied for foreach() in /Users/aleksandrnikolajcuk/www/brutmaps-wp/wp-content/themes/brutmaps/inc/actions.php on line 133
[11-Feb-2021 12:23:07 UTC] PHP Warning:  Invalid argument supplied for foreach() in /Users/aleksandrnikolajcuk/www/brutmaps-wp/wp-content/themes/brutmaps/inc/actions.php on line 133
[11-Feb-2021 12:23:07 UTC] PHP Warning:  Invalid argument supplied for foreach() in /Users/aleksandrnikolajcuk/www/brutmaps-wp/wp-content/themes/brutmaps/inc/actions.php on line 133
[11-Feb-2021 12:23:07 UTC] PHP Warning:  Invalid argument supplied for foreach() in /Users/aleksandrnikolajcuk/www/brutmaps-wp/wp-content/themes/brutmaps/inc/actions.php on line 133
[11-Feb-2021 12:23:07 UTC] PHP Warning:  Invalid argument supplied for foreach() in /Users/aleksandrnikolajcuk/www/brutmaps-wp/wp-content/themes/brutmaps/inc/actions.php on line 133
[11-Feb-2021 12:23:07 UTC] PHP Warning:  Invalid argument supplied for foreach() in /Users/aleksandrnikolajcuk/www/brutmaps-wp/wp-content/themes/brutmaps/inc/actions.php on line 133
[11-Feb-2021 12:23:07 UTC] PHP Warning:  Invalid argument supplied for foreach() in /Users/aleksandrnikolajcuk/www/brutmaps-wp/wp-content/themes/brutmaps/inc/actions.php on line 133
[11-Feb-2021 12:23:07 UTC] PHP Warning:  Invalid argument supplied for foreach() in /Users/aleksandrnikolajcuk/www/brutmaps-wp/wp-content/themes/brutmaps/inc/actions.php on line 133
[11-Feb-2021 12:23:08 UTC] PHP Warning:  Invalid argument supplied for foreach() in /Users/aleksandrnikolajcuk/www/brutmaps-wp/wp-content/themes/brutmaps/inc/actions.php on line 133
[11-Feb-2021 12:23:08 UTC] PHP Warning:  Invalid argument supplied for foreach() in /Users/aleksandrnikolajcuk/www/brutmaps-wp/wp-content/themes/brutmaps/inc/actions.php on line 133
[11-Feb-2021 12:23:08 UTC] PHP Warning:  Invalid argument supplied for foreach() in /Users/aleksandrnikolajcuk/www/brutmaps-wp/wp-content/themes/brutmaps/inc/actions.php on line 133
[11-Feb-2021 12:23:08 UTC] PHP Warning:  Invalid argument supplied for foreach() in /Users/aleksandrnikolajcuk/www/brutmaps-wp/wp-content/themes/brutmaps/inc/actions.php on line 133
[11-Feb-2021 12:23:08 UTC] PHP Warning:  Invalid argument supplied for foreach() in /Users/aleksandrnikolajcuk/www/brutmaps-wp/wp-content/themes/brutmaps/inc/actions.php on line 133
[11-Feb-2021 12:23:08 UTC] PHP Warning:  Invalid argument supplied for foreach() in /Users/aleksandrnikolajcuk/www/brutmaps-wp/wp-content/themes/brutmaps/inc/actions.php on line 133
[11-Feb-2021 12:23:08 UTC] PHP Warning:  Invalid argument supplied for foreach() in /Users/aleksandrnikolajcuk/www/brutmaps-wp/wp-content/themes/brutmaps/inc/actions.php on line 133
[11-Feb-2021 12:23:08 UTC] PHP Warning:  Invalid argument supplied for foreach() in /Users/aleksandrnikolajcuk/www/brutmaps-wp/wp-content/themes/brutmaps/inc/actions.php on line 133
[11-Feb-2021 12:23:08 UTC] PHP Warning:  Invalid argument supplied for foreach() in /Users/aleksandrnikolajcuk/www/brutmaps-wp/wp-content/themes/brutmaps/inc/actions.php on line 133
[11-Feb-2021 12:23:08 UTC] PHP Warning:  Invalid argument supplied for foreach() in /Users/aleksandrnikolajcuk/www/brutmaps-wp/wp-content/themes/brutmaps/inc/actions.php on line 133
[11-Feb-2021 12:23:08 UTC] PHP Warning:  Invalid argument supplied for foreach() in /Users/aleksandrnikolajcuk/www/brutmaps-wp/wp-content/themes/brutmaps/inc/actions.php on line 133
[11-Feb-2021 12:23:08 UTC] PHP Warning:  Invalid argument supplied for foreach() in /Users/aleksandrnikolajcuk/www/brutmaps-wp/wp-content/themes/brutmaps/inc/actions.php on line 133
[11-Feb-2021 12:23:08 UTC] PHP Warning:  Invalid argument supplied for foreach() in /Users/aleksandrnikolajcuk/www/brutmaps-wp/wp-content/themes/brutmaps/inc/actions.php on line 133
[11-Feb-2021 12:23:08 UTC] PHP Warning:  Invalid argument supplied for foreach() in /Users/aleksandrnikolajcuk/www/brutmaps-wp/wp-content/themes/brutmaps/inc/actions.php on line 133
[11-Feb-2021 12:23:08 UTC] PHP Warning:  Invalid argument supplied for foreach() in /Users/aleksandrnikolajcuk/www/brutmaps-wp/wp-content/themes/brutmaps/inc/actions.php on line 133
[11-Feb-2021 12:23:08 UTC] PHP Warning:  Invalid argument supplied for foreach() in /Users/aleksandrnikolajcuk/www/brutmaps-wp/wp-content/themes/brutmaps/inc/actions.php on line 133
[11-Feb-2021 12:23:08 UTC] PHP Warning:  Invalid argument supplied for foreach() in /Users/aleksandrnikolajcuk/www/brutmaps-wp/wp-content/themes/brutmaps/inc/actions.php on line 133
[11-Feb-2021 12:23:08 UTC] PHP Warning:  Invalid argument supplied for foreach() in /Users/aleksandrnikolajcuk/www/brutmaps-wp/wp-content/themes/brutmaps/inc/actions.php on line 133
[11-Feb-2021 12:23:08 UTC] PHP Warning:  Invalid argument supplied for foreach() in /Users/aleksandrnikolajcuk/www/brutmaps-wp/wp-content/themes/brutmaps/inc/actions.php on line 133
[11-Feb-2021 12:23:08 UTC] PHP Warning:  Invalid argument supplied for foreach() in /Users/aleksandrnikolajcuk/www/brutmaps-wp/wp-content/themes/brutmaps/inc/actions.php on line 133
[11-Feb-2021 12:23:08 UTC] PHP Warning:  Invalid argument supplied for foreach() in /Users/aleksandrnikolajcuk/www/brutmaps-wp/wp-content/themes/brutmaps/inc/actions.php on line 133
[11-Feb-2021 12:23:08 UTC] PHP Warning:  Invalid argument supplied for foreach() in /Users/aleksandrnikolajcuk/www/brutmaps-wp/wp-content/themes/brutmaps/inc/actions.php on line 133
[11-Feb-2021 12:23:08 UTC] PHP Warning:  Invalid argument supplied for foreach() in /Users/aleksandrnikolajcuk/www/brutmaps-wp/wp-content/themes/brutmaps/inc/actions.php on line 133
[11-Feb-2021 12:23:08 UTC] PHP Warning:  Invalid argument supplied for foreach() in /Users/aleksandrnikolajcuk/www/brutmaps-wp/wp-content/themes/brutmaps/inc/actions.php on line 133
[11-Feb-2021 12:23:08 UTC] PHP Warning:  Invalid argument supplied for foreach() in /Users/aleksandrnikolajcuk/www/brutmaps-wp/wp-content/themes/brutmaps/inc/actions.php on line 133
[11-Feb-2021 12:23:08 UTC] PHP Warning:  Invalid argument supplied for foreach() in /Users/aleksandrnikolajcuk/www/brutmaps-wp/wp-content/themes/brutmaps/inc/actions.php on line 133
[11-Feb-2021 12:23:08 UTC] PHP Warning:  Invalid argument supplied for foreach() in /Users/aleksandrnikolajcuk/www/brutmaps-wp/wp-content/themes/brutmaps/inc/actions.php on line 133
[11-Feb-2021 12:23:08 UTC] PHP Warning:  Invalid argument supplied for foreach() in /Users/aleksandrnikolajcuk/www/brutmaps-wp/wp-admin/includes/plugin.php on line 1769
[11-Feb-2021 12:23:10 UTC] PHP Warning:  Invalid argument supplied for foreach() in /Users/aleksandrnikolajcuk/www/brutmaps-wp/wp-admin/includes/plugin.php on line 1769
[11-Feb-2021 12:23:11 UTC] PHP Warning:  Invalid argument supplied for foreach() in /Users/aleksandrnikolajcuk/www/brutmaps-wp/wp-admin/includes/plugin.php on line 1769
[11-Feb-2021 12:23:14 UTC] PHP Warning:  Invalid argument supplied for foreach() in /Users/aleksandrnikolajcuk/www/brutmaps-wp/wp-admin/includes/plugin.php on line 1769
[11-Feb-2021 12:23:14 UTC] DATA existed NAME 
[11-Feb-2021 12:23:15 UTC] PHP Warning:  Invalid argument supplied for foreach() in /Users/aleksandrnikolajcuk/www/brutmaps-wp/wp-admin/includes/plugin.php on line 1769
[11-Feb-2021 12:23:15 UTC] PHP Warning:  Invalid argument supplied for foreach() in /Users/aleksandrnikolajcuk/www/brutmaps-wp/wp-admin/includes/plugin.php on line 1769
[11-Feb-2021 12:23:16 UTC] PHP Warning:  Invalid argument supplied for foreach() in /Users/aleksandrnikolajcuk/www/brutmaps-wp/wp-admin/includes/plugin.php on line 1769
[11-Feb-2021 12:23:17 UTC] PHP Warning:  Invalid argument supplied for foreach() in /Users/aleksandrnikolajcuk/www/brutmaps-wp/wp-admin/includes/plugin.php on line 1769
[11-Feb-2021 12:23:17 UTC] PHP Warning:  Invalid argument supplied for foreach() in /Users/aleksandrnikolajcuk/www/brutmaps-wp/wp-admin/includes/plugin.php on line 1769
[11-Feb-2021 12:23:30 UTC] PHP Warning:  Invalid argument supplied for foreach() in /Users/aleksandrnikolajcuk/www/brutmaps-wp/wp-admin/includes/plugin.php on line 1769
[11-Feb-2021 12:23:30 UTC] PHP Warning:  Invalid argument supplied for foreach() in /Users/aleksandrnikolajcuk/www/brutmaps-wp/wp-admin/includes/plugin.php on line 1769
[11-Feb-2021 12:23:30 UTC] DATA new_author NAME @999888111
[11-Feb-2021 12:23:31 UTC] PHP Warning:  Invalid argument supplied for foreach() in /Users/aleksandrnikolajcuk/www/brutmaps-wp/wp-admin/includes/plugin.php on line 1769
[11-Feb-2021 12:23:32 UTC] PHP Warning:  Invalid argument supplied for foreach() in /Users/aleksandrnikolajcuk/www/brutmaps-wp/wp-admin/includes/plugin.php on line 1769
[11-Feb-2021 12:23:37 UTC] PHP Warning:  Invalid argument supplied for foreach() in /Users/aleksandrnikolajcuk/www/brutmaps-wp/wp-admin/includes/plugin.php on line 1769
[11-Feb-2021 12:23:40 UTC] PHP Warning:  Invalid argument supplied for foreach() in /Users/aleksandrnikolajcuk/www/brutmaps-wp/wp-admin/includes/plugin.php on line 1769
[11-Feb-2021 12:23:42 UTC] PHP Warning:  Invalid argument supplied for foreach() in /Users/aleksandrnikolajcuk/www/brutmaps-wp/wp-admin/includes/plugin.php on line 1769
[11-Feb-2021 12:23:44 UTC] PHP Warning:  Invalid argument supplied for foreach() in /Users/aleksandrnikolajcuk/www/brutmaps-wp/wp-admin/includes/plugin.php on line 1769
[11-Feb-2021 12:23:47 UTC] PHP Warning:  Invalid argument supplied for foreach() in /Users/aleksandrnikolajcuk/www/brutmaps-wp/wp-content/themes/brutmaps/inc/actions.php on line 133
[11-Feb-2021 12:23:47 UTC] PHP Warning:  Invalid argument supplied for foreach() in /Users/aleksandrnikolajcuk/www/brutmaps-wp/wp-content/themes/brutmaps/inc/actions.php on line 133
[11-Feb-2021 12:23:47 UTC] PHP Warning:  Invalid argument supplied for foreach() in /Users/aleksandrnikolajcuk/www/brutmaps-wp/wp-content/themes/brutmaps/inc/actions.php on line 133
[11-Feb-2021 12:23:47 UTC] PHP Warning:  Invalid argument supplied for foreach() in /Users/aleksandrnikolajcuk/www/brutmaps-wp/wp-content/themes/brutmaps/inc/actions.php on line 133
[11-Feb-2021 12:23:47 UTC] PHP Warning:  Invalid argument supplied for foreach() in /Users/aleksandrnikolajcuk/www/brutmaps-wp/wp-content/themes/brutmaps/inc/actions.php on line 133
[11-Feb-2021 12:23:47 UTC] PHP Warning:  Invalid argument supplied for foreach() in /Users/aleksandrnikolajcuk/www/brutmaps-wp/wp-content/themes/brutmaps/inc/actions.php on line 133
[11-Feb-2021 12:23:47 UTC] PHP Warning:  Invalid argument supplied for foreach() in /Users/aleksandrnikolajcuk/www/brutmaps-wp/wp-content/themes/brutmaps/inc/actions.php on line 133
[11-Feb-2021 12:23:47 UTC] PHP Warning:  Invalid argument supplied for foreach() in /Users/aleksandrnikolajcuk/www/brutmaps-wp/wp-content/themes/brutmaps/inc/actions.php on line 133
[11-Feb-2021 12:23:47 UTC] PHP Warning:  Invalid argument supplied for foreach() in /Users/aleksandrnikolajcuk/www/brutmaps-wp/wp-content/themes/brutmaps/inc/actions.php on line 133
[11-Feb-2021 12:23:47 UTC] PHP Warning:  Invalid argument supplied for foreach() in /Users/aleksandrnikolajcuk/www/brutmaps-wp/wp-content/themes/brutmaps/inc/actions.php on line 133
[11-Feb-2021 12:23:47 UTC] PHP Warning:  Invalid argument supplied for foreach() in /Users/aleksandrnikolajcuk/www/brutmaps-wp/wp-content/themes/brutmaps/inc/actions.php on line 133
[11-Feb-2021 12:23:48 UTC] PHP Warning:  Invalid argument supplied for foreach() in /Users/aleksandrnikolajcuk/www/brutmaps-wp/wp-content/themes/brutmaps/inc/actions.php on line 133
[11-Feb-2021 12:23:48 UTC] PHP Warning:  Invalid argument supplied for foreach() in /Users/aleksandrnikolajcuk/www/brutmaps-wp/wp-content/themes/brutmaps/inc/actions.php on line 133
[11-Feb-2021 12:23:48 UTC] PHP Warning:  Invalid argument supplied for foreach() in /Users/aleksandrnikolajcuk/www/brutmaps-wp/wp-content/themes/brutmaps/inc/actions.php on line 133
[11-Feb-2021 12:23:48 UTC] PHP Warning:  Invalid argument supplied for foreach() in /Users/aleksandrnikolajcuk/www/brutmaps-wp/wp-content/themes/brutmaps/inc/actions.php on line 133
[11-Feb-2021 12:23:48 UTC] PHP Warning:  Invalid argument supplied for foreach() in /Users/aleksandrnikolajcuk/www/brutmaps-wp/wp-content/themes/brutmaps/inc/actions.php on line 133
[11-Feb-2021 12:23:48 UTC] PHP Warning:  Invalid argument supplied for foreach() in /Users/aleksandrnikolajcuk/www/brutmaps-wp/wp-content/themes/brutmaps/inc/actions.php on line 133
[11-Feb-2021 12:23:48 UTC] PHP Warning:  Invalid argument supplied for foreach() in /Users/aleksandrnikolajcuk/www/brutmaps-wp/wp-content/themes/brutmaps/inc/actions.php on line 133
[11-Feb-2021 12:23:48 UTC] PHP Warning:  Invalid argument supplied for foreach() in /Users/aleksandrnikolajcuk/www/brutmaps-wp/wp-content/themes/brutmaps/inc/actions.php on line 133
[11-Feb-2021 12:23:48 UTC] PHP Warning:  Invalid argument supplied for foreach() in /Users/aleksandrnikolajcuk/www/brutmaps-wp/wp-content/themes/brutmaps/inc/actions.php on line 133
[11-Feb-2021 12:23:48 UTC] PHP Warning:  Invalid argument supplied for foreach() in /Users/aleksandrnikolajcuk/www/brutmaps-wp/wp-content/themes/brutmaps/inc/actions.php on line 133
[11-Feb-2021 12:23:48 UTC] PHP Warning:  Invalid argument supplied for foreach() in /Users/aleksandrnikolajcuk/www/brutmaps-wp/wp-content/themes/brutmaps/inc/actions.php on line 133
[11-Feb-2021 12:23:48 UTC] PHP Warning:  Invalid argument supplied for foreach() in /Users/aleksandrnikolajcuk/www/brutmaps-wp/wp-content/themes/brutmaps/inc/actions.php on line 133
[11-Feb-2021 12:23:48 UTC] PHP Warning:  Invalid argument supplied for foreach() in /Users/aleksandrnikolajcuk/www/brutmaps-wp/wp-content/themes/brutmaps/inc/actions.php on line 133
[11-Feb-2021 12:23:48 UTC] PHP Warning:  Invalid argument supplied for foreach() in /Users/aleksandrnikolajcuk/www/brutmaps-wp/wp-content/themes/brutmaps/inc/actions.php on line 133
[11-Feb-2021 12:23:48 UTC] PHP Warning:  Invalid argument supplied for foreach() in /Users/aleksandrnikolajcuk/www/brutmaps-wp/wp-content/themes/brutmaps/inc/actions.php on line 133
[11-Feb-2021 12:23:48 UTC] PHP Warning:  Invalid argument supplied for foreach() in /Users/aleksandrnikolajcuk/www/brutmaps-wp/wp-content/themes/brutmaps/inc/actions.php on line 133
[11-Feb-2021 12:23:48 UTC] PHP Warning:  Invalid argument supplied for foreach() in /Users/aleksandrnikolajcuk/www/brutmaps-wp/wp-content/themes/brutmaps/inc/actions.php on line 133
[11-Feb-2021 12:23:48 UTC] PHP Warning:  Invalid argument supplied for foreach() in /Users/aleksandrnikolajcuk/www/brutmaps-wp/wp-content/themes/brutmaps/inc/actions.php on line 133
[11-Feb-2021 12:23:48 UTC] PHP Warning:  Invalid argument supplied for foreach() in /Users/aleksandrnikolajcuk/www/brutmaps-wp/wp-content/themes/brutmaps/inc/actions.php on line 133
[11-Feb-2021 12:23:48 UTC] PHP Warning:  Invalid argument supplied for foreach() in /Users/aleksandrnikolajcuk/www/brutmaps-wp/wp-content/themes/brutmaps/inc/actions.php on line 133
[11-Feb-2021 12:23:48 UTC] PHP Warning:  Invalid argument supplied for foreach() in /Users/aleksandrnikolajcuk/www/brutmaps-wp/wp-content/themes/brutmaps/inc/actions.php on line 133
[11-Feb-2021 12:23:48 UTC] PHP Warning:  Invalid argument supplied for foreach() in /Users/aleksandrnikolajcuk/www/brutmaps-wp/wp-content/themes/brutmaps/inc/actions.php on line 133
[11-Feb-2021 12:23:48 UTC] PHP Warning:  Invalid argument supplied for foreach() in /Users/aleksandrnikolajcuk/www/brutmaps-wp/wp-content/themes/brutmaps/inc/actions.php on line 133
[11-Feb-2021 12:23:48 UTC] PHP Warning:  Invalid argument supplied for foreach() in /Users/aleksandrnikolajcuk/www/brutmaps-wp/wp-content/themes/brutmaps/inc/actions.php on line 133
[11-Feb-2021 12:23:48 UTC] PHP Warning:  Invalid argument supplied for foreach() in /Users/aleksandrnikolajcuk/www/brutmaps-wp/wp-content/themes/brutmaps/inc/actions.php on line 133
[11-Feb-2021 12:23:48 UTC] PHP Warning:  Invalid argument supplied for foreach() in /Users/aleksandrnikolajcuk/www/brutmaps-wp/wp-content/themes/brutmaps/inc/actions.php on line 133
[11-Feb-2021 12:23:48 UTC] PHP Warning:  Invalid argument supplied for foreach() in /Users/aleksandrnikolajcuk/www/brutmaps-wp/wp-content/themes/brutmaps/inc/actions.php on line 133
[11-Feb-2021 12:23:48 UTC] PHP Warning:  Invalid argument supplied for foreach() in /Users/aleksandrnikolajcuk/www/brutmaps-wp/wp-content/themes/brutmaps/inc/actions.php on line 133
[11-Feb-2021 12:23:48 UTC] PHP Warning:  Invalid argument supplied for foreach() in /Users/aleksandrnikolajcuk/www/brutmaps-wp/wp-content/themes/brutmaps/inc/actions.php on line 133
[11-Feb-2021 12:23:48 UTC] PHP Warning:  Invalid argument supplied for foreach() in /Users/aleksandrnikolajcuk/www/brutmaps-wp/wp-content/themes/brutmaps/inc/actions.php on line 133
[11-Feb-2021 12:23:48 UTC] PHP Warning:  Invalid argument supplied for foreach() in /Users/aleksandrnikolajcuk/www/brutmaps-wp/wp-content/themes/brutmaps/inc/actions.php on line 133
[11-Feb-2021 12:23:48 UTC] PHP Warning:  Invalid argument supplied for foreach() in /Users/aleksandrnikolajcuk/www/brutmaps-wp/wp-admin/includes/plugin.php on line 1769
[11-Feb-2021 12:23:51 UTC] PHP Warning:  Invalid argument supplied for foreach() in /Users/aleksandrnikolajcuk/www/brutmaps-wp/wp-admin/includes/plugin.php on line 1769
[11-Feb-2021 12:23:52 UTC] PHP Warning:  Invalid argument supplied for foreach() in /Users/aleksandrnikolajcuk/www/brutmaps-wp/wp-admin/includes/plugin.php on line 1769
[11-Feb-2021 12:23:54 UTC] PHP Warning:  Invalid argument supplied for foreach() in /Users/aleksandrnikolajcuk/www/brutmaps-wp/wp-admin/includes/plugin.php on line 1769
[11-Feb-2021 12:23:59 UTC] PHP Warning:  Invalid argument supplied for foreach() in /Users/aleksandrnikolajcuk/www/brutmaps-wp/wp-admin/includes/plugin.php on line 1769
[11-Feb-2021 12:24:01 UTC] PHP Warning:  Invalid argument supplied for foreach() in /Users/aleksandrnikolajcuk/www/brutmaps-wp/wp-admin/includes/plugin.php on line 1769
[11-Feb-2021 12:24:02 UTC] PHP Warning:  Invalid argument supplied for foreach() in /Users/aleksandrnikolajcuk/www/brutmaps-wp/wp-admin/includes/plugin.php on line 1769
[11-Feb-2021 12:24:04 UTC] PHP Warning:  Invalid argument supplied for foreach() in /Users/aleksandrnikolajcuk/www/brutmaps-wp/wp-admin/includes/plugin.php on line 1769
[11-Feb-2021 12:24:05 UTC] PHP Warning:  Invalid argument supplied for foreach() in /Users/aleksandrnikolajcuk/www/brutmaps-wp/wp-admin/includes/plugin.php on line 1769
[11-Feb-2021 12:24:06 UTC] PHP Warning:  Invalid argument supplied for foreach() in /Users/aleksandrnikolajcuk/www/brutmaps-wp/wp-admin/includes/plugin.php on line 1769
[11-Feb-2021 12:24:21 UTC] PHP Warning:  Invalid argument supplied for foreach() in /Users/aleksandrnikolajcuk/www/brutmaps-wp/wp-admin/includes/plugin.php on line 1769
[11-Feb-2021 12:24:36 UTC] PHP Warning:  Invalid argument supplied for foreach() in /Users/aleksandrnikolajcuk/www/brutmaps-wp/wp-admin/includes/plugin.php on line 1769
[11-Feb-2021 12:24:51 UTC] PHP Warning:  Invalid argument supplied for foreach() in /Users/aleksandrnikolajcuk/www/brutmaps-wp/wp-admin/includes/plugin.php on line 1769
[11-Feb-2021 12:25:06 UTC] PHP Warning:  Invalid argument supplied for foreach() in /Users/aleksandrnikolajcuk/www/brutmaps-wp/wp-admin/includes/plugin.php on line 1769
[11-Feb-2021 12:25:21 UTC] PHP Warning:  Invalid argument supplied for foreach() in /Users/aleksandrnikolajcuk/www/brutmaps-wp/wp-admin/includes/plugin.php on line 1769
[11-Feb-2021 12:27:26 UTC] PHP Warning:  Invalid argument supplied for foreach() in /Users/aleksandrnikolajcuk/www/brutmaps-wp/wp-admin/includes/plugin.php on line 1769
